Calling userService.createUser...
DEBUG: Guardando usuario...
DEBUG: Usuario guardado con ID: 94d76d7f-8de8-4c70-b56b-512156d3cf03
DEBUG: Creando suscripci├│n...
DEBUG: Creando tracker de posts...
DEBUG: Guardando suscripci├│n...
DEBUG: Enviando email de validaci├│n...
Ô£à Email sent to test1770408026795@test.com | ID: <7341c558-ea8b-120b-d358-a0a561006774@localhost>
DEBUG: Emitiendo socket...
node.exe : DEBUG: Error en 
Socket.IO (no bloqueante): 
Error: Socket.io no ha sido 
inicializado
En línea: 1 Carácter: 1
+ & "C:\Program 
Files\nodejs/node.exe" 
"C:\Program 
Files\nodejs/node_mo ...
+ ~~~~~~~~~~~~~~~~~~~~~~~~~~~
~~~~~~~~~~~~~~~~~~~~~~~~~~~~~
~~~~~~~~~~~~~
    + CategoryInfo           
   : NotSpecified: (DEBUG:   
  Error en...do inicializa   
 do:String) [], RemoteExc    
eption
    + FullyQualifiedErrorId  
   : NativeCommandError
 
    at getIO (C:\Users\jhesr\
OneDrive\Escritorio\academlo\
proyectReales\atucuchoShop\at
ucuchoFull\atucuchoBack\src\c
onfig\socket.ts:12:11)
    at 
UserService.<anonymous> (C:\U
sers\jhesr\OneDrive\Escritori
o\academlo\proyectReales\atuc
uchoShop\atucuchoFull\atucuch
oBack\src\presentation\servic
es\usuario\user.service.ts:13
9:14)
    at Generator.next 
(<anonymous>)
    at fulfilled (C:\Users\jh
esr\OneDrive\Escritorio\acade
mlo\proyectReales\atucuchoSho
p\atucuchoFull\atucuchoBack\s
rc\presentation\services\usua
rio\user.service.ts:38:58)
    at 
processTicksAndRejections (no
de:internal/process/task_queu
es:105:5)
Result: {
  id: '94d76d7f-8de8-4c70-b56b-512156d3cf03',
  name: 'test',
  surname: 'user',
  email: 'test1770408026795@test.com',
  birthday: '1990-01-01T00:00:00.000Z',
  whatsapp: '0942850281',
  photoperfil: '',
  create_at: 2026-02-07T01:00:27.286Z,
  update_at: 2026-02-07T01:00:27.286Z,
  status: 'INACTIVE'
}
